// Jest Snapshot v1, https://goo.gl/fbAQLP

exports[`Header component testing Header snapshot test 1`] = `
<div>
  <header
    class="row-start-3 flex gap-6 flex-wrap items-center justify-center"
  >
    <a
      href="/about"
    >
      About
    </a>
     work
  </header>
</div>
`;
